relay kill test 2026-09-14T13:29:12Z
pre-kill rows 13:56:34
2026-09-14 13:30:00+00|2026-09-14 13:42:01.407838+00
5
killing relay pid 47924 at 13:56:35
0
restart via task 13:58:34
SUCCESS: Attempted to run the scheduled task "TORQ-Buzz-PermanentRelay".


   Id StartTime           
   -- ---------           
99532 9/14/2026 8:58:07 AM



new log /e/TORQ-BUZZ/logs/relay-recovery-20260914-135758.stdout.log
--- post-restart 14:00:49
2026-09-14 13:45:00+00|2026-09-14 13:59:15.828506+00
2026-09-14 13:30:00+00|2026-09-14 13:42:01.407838+00
2026-09-14 13:15:00+00|2026-09-14 13:27:00.646082+00
1a9a5c68-35ca-495b-8bf2-fdcd397d0055|2026-09-14 13:59:15.968796+00|2026-09-14 13:59:20.318691+00|succeeded
447a3e81-739b-4b6a-9f16-d0a414b2d7ee|2026-09-14 13:42:01.484573+00|2026-09-14 13:44:44.255851+00|succeeded
5dc8e761-a80c-4b21-b6c9-ccd4cf8d69f5|2026-09-14 13:27:00.75245+00|2026-09-14 13:27:07.060902+00|succeeded
"timestamp":"2026-09-14T13:59:15.581792Z","level":"INFO","message":"routine fired"
2
