2026-09-12T16:17:20.741Z [agent-controls] sent kind=cancel id=202ba432-3b30-4e17-bbdc-024de34a1852 ms=1789229840741
2026-09-12T16:17:20.830Z [agent-controls] ack id=202ba432-3b30-4e17-bbdc-024de34a1852 status=applied branch=none ms=1789229840830
2026-09-12T16:17:32.096Z [agent-controls] sent kind=steer id=379f666b-a002-4201-8f03-b2e09b9fbe56 steerEventId=1b469505bf3342771134c44009324f0b0feeea617cea31aacc1404a8f337cce4 ms=1789229852096
2026-09-12T16:17:32.323Z [agent-controls] ack id=379f666b-a002-4201-8f03-b2e09b9fbe56 status=applied branch=none ms=1789229852323
2026-09-12T16:18:34.589Z [agent-controls] sent kind=pause id=f4c26daa-63b0-486c-800f-c348841add0c ms=1789229914589
2026-09-12T16:18:34.669Z [agent-controls] ack id=f4c26daa-63b0-486c-800f-c348841add0c status=applied branch=none ms=1789229914669
2026-09-12T16:18:37.443Z [agent-controls] sent kind=resume id=e4c04764-19f8-4cb2-af0f-3f7fc7c153e1 ms=1789229917443
2026-09-12T16:18:37.553Z [agent-controls] ack id=e4c04764-19f8-4cb2-af0f-3f7fc7c153e1 status=applied branch=none ms=1789229917553
2026-09-12T16:18:44.044Z [agent-controls] sent kind=cancel id=d9546723-ddd9-4876-9cf7-90310f5417d3 ms=1789229924044
2026-09-12T16:18:44.121Z [agent-controls] ack id=d9546723-ddd9-4876-9cf7-90310f5417d3 status=applied branch=none ms=1789229924121
2026-09-12T16:18:55.439Z [agent-controls] sent kind=steer id=fc7850e3-fbcb-4c94-984d-131d46987cf0 steerEventId=2aed36a0091e643cb56b3982f371fbb12faa274cdaa58fd3a5e0ea7a13b8989a ms=1789229935439
2026-09-12T16:18:55.686Z [agent-controls] ack id=fc7850e3-fbcb-4c94-984d-131d46987cf0 status=applied branch=none ms=1789229935686
2026-09-12T16:19:57.802Z [agent-controls] sent kind=pause id=62c9bd04-d348-41eb-a7ff-35b56f37f570 ms=1789229997802
2026-09-12T16:19:57.892Z [agent-controls] ack id=62c9bd04-d348-41eb-a7ff-35b56f37f570 status=applied branch=none ms=1789229997892
2026-09-12T16:20:00.665Z [agent-controls] sent kind=resume id=80370d78-7393-4019-ae51-c119ef52e1a9 ms=1789230000665
2026-09-12T16:20:00.745Z [agent-controls] ack id=80370d78-7393-4019-ae51-c119ef52e1a9 status=applied branch=none ms=1789230000745
2026-09-12T16:20:07.290Z [agent-controls] sent kind=cancel id=9fc85ce9-fd16-4770-b94d-ac11db05355b ms=1789230007290
2026-09-12T16:20:07.375Z [agent-controls] ack id=9fc85ce9-fd16-4770-b94d-ac11db05355b status=applied branch=none ms=1789230007375
2026-09-12T16:20:18.688Z [agent-controls] sent kind=steer id=9b679575-9f0d-4869-89a0-b524bdd1956b steerEventId=c68e6e8cffce1f55d3dc656347c9472dd676265c63e0a416ec2b61d50d23e613 ms=1789230018688
2026-09-12T16:20:19.018Z [agent-controls] ack id=9b679575-9f0d-4869-89a0-b524bdd1956b status=applied branch=none ms=1789230019018
2026-09-12T16:21:21.061Z [agent-controls] sent kind=pause id=1875feb0-47e8-4a52-9e65-4f52a1b61b04 ms=1789230081061
2026-09-12T16:21:21.172Z [agent-controls] ack id=1875feb0-47e8-4a52-9e65-4f52a1b61b04 status=applied branch=none ms=1789230081172
2026-09-12T16:21:23.907Z [agent-controls] sent kind=resume id=99c0e15d-e500-42e1-bc64-8ff1b43fdf19 ms=1789230083907
2026-09-12T16:21:23.987Z [agent-controls] ack id=99c0e15d-e500-42e1-bc64-8ff1b43fdf19 status=applied branch=none ms=1789230083987
2026-09-12T16:21:30.513Z [agent-controls] sent kind=cancel id=94522760-2aac-438d-9ac4-94de9b0aa741 ms=1789230090513
2026-09-12T16:21:30.672Z [agent-controls] ack id=94522760-2aac-438d-9ac4-94de9b0aa741 status=applied branch=none ms=1789230090672
2026-09-12T16:21:42.679Z [agent-controls] sent kind=steer id=9ddce1e4-2b22-4519-a0c8-597df081a913 steerEventId=b57ee0abd8f216a6d568936e47f26bcca32d75c921f68a686966dec9477a30db ms=1789230102679
2026-09-12T16:21:43.054Z [agent-controls] ack id=9ddce1e4-2b22-4519-a0c8-597df081a913 status=applied branch=none ms=1789230103054
2026-09-12T16:22:45.075Z [agent-controls] sent kind=pause id=89096511-f404-4399-9c05-70dc432576e4 ms=1789230165075
2026-09-12T16:22:45.188Z [agent-controls] ack id=89096511-f404-4399-9c05-70dc432576e4 status=applied branch=none ms=1789230165188
2026-09-12T16:22:47.922Z [agent-controls] sent kind=resume id=cbdfc8e9-e6c0-4152-874a-c913d32203ad ms=1789230167922
2026-09-12T16:22:48.026Z [agent-controls] ack id=cbdfc8e9-e6c0-4152-874a-c913d32203ad status=applied branch=none ms=1789230168026
2026-09-12T16:22:54.571Z [agent-controls] sent kind=cancel id=96309dbb-92b7-4fb1-863e-dfff926a7274 ms=1789230174571
2026-09-12T16:22:54.672Z [agent-controls] ack id=96309dbb-92b7-4fb1-863e-dfff926a7274 status=applied branch=none ms=1789230174672
2026-09-12T16:23:06.730Z [agent-controls] sent kind=steer id=781b994b-e4b5-46cb-96fb-ecfae0ac5f18 steerEventId=31ac1aca7dd46c94dc85d636cf722117bd1345029324db4317bda181e50b99c9 ms=1789230186730
2026-09-12T16:23:07.066Z [agent-controls] ack id=781b994b-e4b5-46cb-96fb-ecfae0ac5f18 status=applied branch=none ms=1789230187066
2026-09-12T16:24:09.068Z [agent-controls] sent kind=pause id=7bc2510b-53b6-4917-93d8-5838270dc19f ms=1789230249068
2026-09-12T16:24:09.178Z [agent-controls] ack id=7bc2510b-53b6-4917-93d8-5838270dc19f status=applied branch=none ms=1789230249178
2026-09-12T16:24:11.915Z [agent-controls] sent kind=resume id=66b14da2-4ed6-426b-b963-f426ceda420a ms=1789230251915
2026-09-12T16:24:12.000Z [agent-controls] ack id=66b14da2-4ed6-426b-b963-f426ceda420a status=applied branch=none ms=1789230252000
2026-09-12T16:24:18.521Z [agent-controls] sent kind=cancel id=d26fd973-6690-4072-b42e-fe962377c948 ms=1789230258521
2026-09-12T16:24:18.621Z [agent-controls] ack id=d26fd973-6690-4072-b42e-fe962377c948 status=applied branch=none ms=1789230258621
2026-09-12T16:24:25.631Z [agent-controls] sent kind=steer id=82816a59-1a01-482f-af36-69491b058645 steerEventId=66197fe867541d8ed4e4c2090000a13cbca9f01c7fbab4b3fc70404e37c4ad41 ms=1789230265631
2026-09-12T16:24:26.041Z [agent-controls] ack id=82816a59-1a01-482f-af36-69491b058645 status=applied branch=none ms=1789230266041
2026-09-12T16:25:28.100Z [agent-controls] sent kind=pause id=28d2e449-2dc0-4754-81e6-7b9d8b512a79 ms=1789230328100
2026-09-12T16:25:28.212Z [agent-controls] ack id=28d2e449-2dc0-4754-81e6-7b9d8b512a79 status=applied branch=none ms=1789230328212
2026-09-12T16:25:30.950Z [agent-controls] sent kind=resume id=844dbbf7-2d06-4759-8c63-5bd6fe4459a7 ms=1789230330950
2026-09-12T16:25:31.037Z [agent-controls] ack id=844dbbf7-2d06-4759-8c63-5bd6fe4459a7 status=applied branch=none ms=1789230331037
2026-09-12T16:25:37.564Z [agent-controls] sent kind=cancel id=89bf56ce-175e-4b71-8b13-02579ad1c4a0 ms=1789230337564
2026-09-12T16:25:37.649Z [agent-controls] ack id=89bf56ce-175e-4b71-8b13-02579ad1c4a0 status=applied branch=none ms=1789230337649
2026-09-12T16:25:49.725Z [agent-controls] sent kind=steer id=d2b0bf84-3fac-4d0f-81a4-2fbb985336e3 steerEventId=64f71e35494d480785faa51e05de116285e912ddcd4a6b07c93f4969088be2c7 ms=1789230349725
2026-09-12T16:25:50.124Z [agent-controls] ack id=d2b0bf84-3fac-4d0f-81a4-2fbb985336e3 status=applied branch=none ms=1789230350124
2026-09-12T16:26:52.256Z [agent-controls] sent kind=pause id=e9a3e78e-df9e-4deb-b18c-9909678ca500 ms=1789230412256
2026-09-12T16:26:52.374Z [agent-controls] ack id=e9a3e78e-df9e-4deb-b18c-9909678ca500 status=applied branch=none ms=1789230412374
2026-09-12T16:26:55.112Z [agent-controls] sent kind=resume id=e149e077-8619-420c-8b21-1c3d0e1da974 ms=1789230415112
2026-09-12T16:26:55.246Z [agent-controls] ack id=e149e077-8619-420c-8b21-1c3d0e1da974 status=applied branch=none ms=1789230415246
2026-09-12T16:27:01.716Z [agent-controls] sent kind=cancel id=f2bfb382-8955-4a6f-b577-8c0baa7f243d ms=1789230421716
2026-09-12T16:27:01.813Z [agent-controls] ack id=f2bfb382-8955-4a6f-b577-8c0baa7f243d status=applied branch=none ms=1789230421813
2026-09-12T16:27:13.412Z [agent-controls] sent kind=steer id=87eb96ee-77f7-46ce-b394-08bef764b3a3 steerEventId=fe245047a93c0d1f7e0a52a593fdce1a344ae3c56c02fdfaf292e2824701d8fa ms=1789230433411
2026-09-12T16:27:13.993Z [agent-controls] ack id=87eb96ee-77f7-46ce-b394-08bef764b3a3 status=applied branch=none ms=1789230433993
2026-09-12T16:28:16.101Z [agent-controls] sent kind=pause id=95ad65b0-99e2-48f8-8fb4-73c775b0c4f9 ms=1789230496101
2026-09-12T16:28:16.205Z [agent-controls] ack id=95ad65b0-99e2-48f8-8fb4-73c775b0c4f9 status=applied branch=none ms=1789230496205
2026-09-12T16:28:18.950Z [agent-controls] sent kind=resume id=2de8e8ee-560d-4a59-81aa-09026314705c ms=1789230498950
2026-09-12T16:28:19.052Z [agent-controls] ack id=2de8e8ee-560d-4a59-81aa-09026314705c status=applied branch=none ms=1789230499052
2026-09-12T16:28:25.571Z [agent-controls] sent kind=cancel id=2e8e1447-9c9c-451f-b2e8-c8eb5c895b35 ms=1789230505571
2026-09-12T16:28:25.673Z [agent-controls] ack id=2e8e1447-9c9c-451f-b2e8-c8eb5c895b35 status=applied branch=none ms=1789230505673
2026-09-12T16:28:37.842Z [agent-controls] sent kind=steer id=d8976c70-69fe-4c4f-b446-721c41b82001 steerEventId=a4ed8d187f6ccf78c1312eac8b7634c9d96f5381c4d2e927fc45da4d06e2549b ms=1789230517842
2026-09-12T16:28:38.261Z [agent-controls] ack id=d8976c70-69fe-4c4f-b446-721c41b82001 status=applied branch=none ms=1789230518261
2026-09-12T16:29:40.395Z [agent-controls] sent kind=pause id=4f57f5e4-c2d6-4611-84db-d615041cc040 ms=1789230580395
2026-09-12T16:29:40.511Z [agent-controls] ack id=4f57f5e4-c2d6-4611-84db-d615041cc040 status=applied branch=none ms=1789230580511
2026-09-12T16:29:43.248Z [agent-controls] sent kind=resume id=2f4fb6b2-0627-466e-9b5e-48e1bbf4d030 ms=1789230583248
2026-09-12T16:29:43.373Z [agent-controls] ack id=2f4fb6b2-0627-466e-9b5e-48e1bbf4d030 status=applied branch=none ms=1789230583373
2026-09-12T16:29:49.865Z [agent-controls] sent kind=cancel id=684b59e7-943b-42a6-99be-cb2b5a883e46 ms=1789230589865
2026-09-12T16:29:50.011Z [agent-controls] ack id=684b59e7-943b-42a6-99be-cb2b5a883e46 status=applied branch=none ms=1789230590011
2026-09-12T16:30:02.448Z [agent-controls] sent kind=steer id=af6cba0f-b680-44c8-8123-a551f170ff39 steerEventId=c4c6cabe0f04ebcd5e09d82605eb4beaec26cd2de7c36078f8a4d12cf741903b ms=1789230602448
2026-09-12T16:30:03.079Z [agent-controls] ack id=af6cba0f-b680-44c8-8123-a551f170ff39 status=applied branch=none ms=1789230603079
2026-09-12T16:31:05.352Z [agent-controls] sent kind=pause id=81b0d048-3cb9-4fe8-9c6c-e899571b9465 ms=1789230665352
2026-09-12T16:31:05.472Z [agent-controls] ack id=81b0d048-3cb9-4fe8-9c6c-e899571b9465 status=applied branch=none ms=1789230665472
2026-09-12T16:31:08.200Z [agent-controls] sent kind=resume id=39fe3349-d639-4e08-ba3b-9945192e88ed ms=1789230668200
2026-09-12T16:31:08.270Z [agent-controls] ack id=39fe3349-d639-4e08-ba3b-9945192e88ed status=applied branch=none ms=1789230668270
