2026-09-12T22:26:20.559Z [agent-controls] sent kind=cancel id=7d2aef66-da77-4440-b433-8ae8e9560003 ms=1789251980559
2026-09-12T22:26:20.679Z [agent-controls] ack id=7d2aef66-da77-4440-b433-8ae8e9560003 status=applied branch=none ms=1789251980679
2026-09-12T22:26:32.694Z [agent-controls] sent kind=steer id=0822ff12-2255-450b-881d-803fd45851d2 steerEventId=9627da301834fb0a9546a71811217088b96250e418cb4d580b7a0421ba4fa5a7 ms=1789251992694
2026-09-12T22:26:33.223Z [agent-controls] ack id=0822ff12-2255-450b-881d-803fd45851d2 status=applied branch=none ms=1789251993223
2026-09-12T22:27:35.078Z [agent-controls] sent kind=pause id=fee52743-ff51-4b70-9318-1122353133de ms=1789252055078
2026-09-12T22:27:35.178Z [agent-controls] ack id=fee52743-ff51-4b70-9318-1122353133de status=applied branch=none ms=1789252055178
2026-09-12T22:27:37.938Z [agent-controls] sent kind=resume id=da13d524-b326-4dfa-afb2-8f0147f9e547 ms=1789252057938
2026-09-12T22:27:38.042Z [agent-controls] ack id=da13d524-b326-4dfa-afb2-8f0147f9e547 status=applied branch=none ms=1789252058042
2026-09-12T22:27:44.543Z [agent-controls] sent kind=cancel id=51f6362b-6376-4b2f-b98f-3961ecd418f4 ms=1789252064543
2026-09-12T22:27:44.645Z [agent-controls] ack id=51f6362b-6376-4b2f-b98f-3961ecd418f4 status=applied branch=none ms=1789252064645
2026-09-12T22:27:56.703Z [agent-controls] sent kind=steer id=509694f0-2058-49b7-9bc1-6859ceb3fac1 steerEventId=c28e6dd5796c2ef945e95ff379b4765441a9989b551ac337acd652838f5e1cc0 ms=1789252076703
2026-09-12T22:27:57.289Z [agent-controls] ack id=509694f0-2058-49b7-9bc1-6859ceb3fac1 status=applied branch=none ms=1789252077289
2026-09-12T22:28:59.233Z [agent-controls] sent kind=pause id=46eb1e68-134a-47f2-95db-29b6a03ee97f ms=1789252139233
2026-09-12T22:28:59.326Z [agent-controls] ack id=46eb1e68-134a-47f2-95db-29b6a03ee97f status=applied branch=none ms=1789252139326
2026-09-12T22:29:02.071Z [agent-controls] sent kind=resume id=2eb591f4-42c7-43ec-9199-6e90e3d755e2 ms=1789252142071
2026-09-12T22:29:02.150Z [agent-controls] ack id=2eb591f4-42c7-43ec-9199-6e90e3d755e2 status=applied branch=none ms=1789252142150
2026-09-12T22:29:08.662Z [agent-controls] sent kind=cancel id=deb2c061-31a7-401f-b4dd-b864e30965bf ms=1789252148662
2026-09-12T22:29:08.755Z [agent-controls] ack id=deb2c061-31a7-401f-b4dd-b864e30965bf status=applied branch=none ms=1789252148755
2026-09-12T22:29:20.924Z [agent-controls] sent kind=steer id=89e8fc59-617d-4fe1-b423-97df883f3d0f steerEventId=e6ac5a47b2da1bd379d0826b43dd09bec7a1aef546f0c5ca1d019ed59bb72c28 ms=1789252160924
2026-09-12T22:29:21.632Z [agent-controls] ack id=89e8fc59-617d-4fe1-b423-97df883f3d0f status=applied branch=none ms=1789252161632
2026-09-12T22:30:23.812Z [agent-controls] sent kind=pause id=e82bc8f0-dc74-47d2-92c9-0055d824b0d0 ms=1789252223812
2026-09-12T22:30:23.924Z [agent-controls] ack id=e82bc8f0-dc74-47d2-92c9-0055d824b0d0 status=applied branch=none ms=1789252223924
2026-09-12T22:30:26.659Z [agent-controls] sent kind=resume id=7e30d1c4-b3d3-42b6-bdcd-2cadb1e1e5e5 ms=1789252226659
2026-09-12T22:30:26.742Z [agent-controls] ack id=7e30d1c4-b3d3-42b6-bdcd-2cadb1e1e5e5 status=applied branch=none ms=1789252226742
